ctx = {
    A : {[] ← ∀ξ, [[]] ← α} → ∀β
    B : {[] ← ∀ζ, [[]] ← α} → ∀β
    C : {[] ← ζ} → ξ
    a : ⧫
    b : ⧫
    c : ⧫
    f : {* ← a} → b
    g : {* ← b} → c
    h : {* ← a} → c
    i : {* ← a} → c
    Ψ : {[] ← A, [[]] ← ∀C} → ∀B
    α : {[] ← g, [*] ← f} → ∀h
    β : {[] ← g, [*] ← f} → i
    ζ : {[] ← h} → i
    ξ : {[] ← h} → i
pd =
