ctx = {
    A : {[] ← α, [[*]] ← α} → β
    a : ⧫
    f : {* ← a} → a
    α : {[] ← f, [*] ← f} → f
    β : {[] ← f, [*] ← f, [**] ← f} → f
pd =

\begin{prooftree}
	\AxiomC{}
	\RightLabel{\texttt{point-$a$}}
	\UnaryInfC{$a : \optZero \vdash $}
	\RightLabel{\texttt{graft}}
	\UnaryInfC{$a : \optZero \vdash \opetope{* \sep a}$}
	\RightLabel{\texttt{fill}}
	\UnaryInfC{$f : \opetope{* \sep a} \longrightarrow a, a : \optZero \vdash $}
	\RightLabel{\texttt{graft}}
	\UnaryInfC{$f : \opetope{* \sep a} \longrightarrow a, a : \optZero \vdash \opetope{[] \sep f \\ [*] \sep f}$}
	\RightLabel{\texttt{fill}}
	\UnaryInfC{$f : \opetope{* \sep a} \longrightarrow a, a : \optZero, α : \opetope{[] \sep f \\ [*] \sep f} \longrightarrow f \vdash $}
	\RightLabel{\texttt{graft}}
	\UnaryInfC{$f : \opetope{* \sep a} \longrightarrow a, a : \optZero, α : \opetope{[] \sep f \\ [*] \sep f} \longrightarrow f \vdash \opetope{[] \sep f \\ [*] \sep f \\ [**] \sep f}$}
	\RightLabel{\texttt{fill}}
	\UnaryInfC{$f : \opetope{* \sep a} \longrightarrow a, α : \opetope{[] \sep f \\ [*] \sep f} \longrightarrow f, a : \optZero, β : \opetope{[] \sep f \\ [*] \sep f \\ [**] \sep f} \longrightarrow f \vdash $}
	\RightLabel{\texttt{graft}}
	\UnaryInfC{$α : \opetope{[] \sep f \\ [*] \sep f} \longrightarrow f, β : \opetope{[] \sep f \\ [*] \sep f \\ [**] \sep f} \longrightarrow f, f : \opetope{* \sep a} \longrightarrow a, a : \optZero \vdash \opetope{[] \sep α \\ [[*]] \sep α}$}
	\RightLabel{\texttt{fill}}
	\UnaryInfC{$α : \opetope{[] \sep f \\ [*] \sep f} \longrightarrow f, f : \opetope{* \sep a} \longrightarrow a, β : \opetope{[] \sep f \\ [*] \sep f \\ [**] \sep f} \longrightarrow f, a : \optZero, A : \opetope{[] \sep α \\ [[*]] \sep α} \longrightarrow β \vdash $}
\end{prooftree}
