ctx = {}
src = ■
tgt = ⧫

\begin{prooftree}
	\AxiomC{}
	\RightLabel{\texttt{point}}
	\UnaryInfC{$ \vdash \optZero \longrightarrow \emptyset$}
	\RightLabel{\texttt{shift}}
	\UnaryInfC{$ \vdash \optOne \longrightarrow \optZero$}
\end{prooftree}
