ctx = {
    A : {[] ← ∀ξ, [[]] ← γ} → ∀δ
    a : ⧫
    f : {* ← a} → a
    g : {* ← a} → a
    γ : {{a}} → ∀g
    δ : {{a}} → f
    ξ : {[] ← g} → f
pd =
