ctx = {
    a : ⧫
    b : ⧫
    c : ⧫
    f : {* ← a} → b
    g : {* ← b} → c
    h : {* ← a} → c
    α : {[] ← g, [*] ← f} → ∀h
pd =
